
> stackiq@1.0.0 lint
> eslint src


/home/rubenlinde/fleet-work/fx/stackiq/src/App.vue
  249:1  warning  Unexpected inline JSDoc tag. Did you mean to use {@nextcloud}, \@nextcloud, or `@nextcloud`?  jsdoc/escape-inline-tags

/home/rubenlinde/fleet-work/fx/stackiq/src/components/AlwaysVisibleSection.vue
  206:13  warning  Boolean prop should only be defaulted to false                             vue/no-boolean-default
  255:15  warning  The "save" event has been triggered but not declared on `emits` option     vue/require-explicit-emits
  264:15  warning  The "refresh" event has been triggered but not declared on `emits` option  vue/require-explicit-emits

/home/rubenlinde/fleet-work/fx/stackiq/src/components/CollapsibleSection.vue
  228:13  warning  Boolean prop should only be defaulted to false  vue/no-boolean-default

/home/rubenlinde/fleet-work/fx/stackiq/src/components/ContactpersonenList.vue
  582:1  warning  Missing JSDoc @param "contactpersoon" description  jsdoc/require-param-description
  689:1  warning  Missing JSDoc @param "contactpersoon" description  jsdoc/require-param-description

/home/rubenlinde/fleet-work/fx/stackiq/src/components/PaginationComponent.vue
  251:1   warning  Syntax error in namepath: page-changed                                               jsdoc/valid-types
  254:16  warning  The "page-changed" event has been triggered but not declared on `emits` option       vue/require-explicit-emits
  270:1   warning  Syntax error in namepath: page-size-changed                                          jsdoc/valid-types
  273:16  warning  The "page-size-changed" event has been triggered but not declared on `emits` option  vue/require-explicit-emits

/home/rubenlinde/fleet-work/fx/stackiq/src/components/SelectedObjectsList.vue
  103:13  warning  Boolean prop should only be defaulted to false  vue/no-boolean-default

/home/rubenlinde/fleet-work/fx/stackiq/src/components/cards/OrganisatieCard.vue
  238:1   warning  Missing JSDoc @param "newView" description                               jsdoc/require-param-description
  239:1   warning  Missing JSDoc @param "oldView" description                               jsdoc/require-param-description
  289:15  warning  The "click" event has been triggered but not declared on `emits` option  vue/require-explicit-emits

/home/rubenlinde/fleet-work/fx/stackiq/src/dialogs/ChangePasswordDialog.vue
  220:1  warning  Missing JSDoc @param "newVal" description  jsdoc/require-param-description

/home/rubenlinde/fleet-work/fx/stackiq/src/dialogs/ManageUserGroupsDialog.vue
  148:1  warning  Missing JSDoc @param "groupId" description  jsdoc/require-param-description
  149:1  warning  Missing JSDoc @param "checked" description  jsdoc/require-param-description

/home/rubenlinde/fleet-work/fx/stackiq/src/modals/AddContactpersoonModal.vue
  155:1  warning  Missing JSDoc @param "email" description  jsdoc/require-param-description

/home/rubenlinde/fleet-work/fx/stackiq/src/modals/BulkSyncDialog.vue
  238:1  warning  Missing JSDoc @param "value" description  jsdoc/require-param-description

/home/rubenlinde/fleet-work/fx/stackiq/src/modals/GrantOrganisationAccessModal.vue
  245:15  warning  The "update:open" event has been triggered but not declared on `emits` option  vue/require-explicit-emits

/home/rubenlinde/fleet-work/fx/stackiq/src/modals/OrganisationModal.vue
  232:1   warning  Missing JSDoc @param "newVal" description                                jsdoc/require-param-description
  317:1   warning  Missing JSDoc @param "selectedOption" description                        jsdoc/require-param-description
  329:15  warning  The "close" event has been triggered but not declared on `emits` option  vue/require-explicit-emits

/home/rubenlinde/fleet-work/fx/stackiq/src/modals/object/MassDeleteObject.vue
  228:1  warning  Missing JSDoc @param "isOpen" description  jsdoc/require-param-description

/home/rubenlinde/fleet-work/fx/stackiq/src/modals/object/MassDepublishObjects.vue
  163:1  warning  Missing JSDoc @param "isOpen" description  jsdoc/require-param-description

/home/rubenlinde/fleet-work/fx/stackiq/src/modals/object/MassLockObjects.vue
  182:1  warning  Missing JSDoc @param "isOpen" description  jsdoc/require-param-description

/home/rubenlinde/fleet-work/fx/stackiq/src/modals/object/MassPublishObjects.vue
  163:1  warning  Missing JSDoc @param "isOpen" description  jsdoc/require-param-description

/home/rubenlinde/fleet-work/fx/stackiq/src/modals/object/MassUnlockObjects.vue
  163:1  warning  Missing JSDoc @param "isOpen" description  jsdoc/require-param-description

/home/rubenlinde/fleet-work/fx/stackiq/src/modals/object/MassValidateObjects.vue
  189:1  warning  Missing JSDoc @param "isOpen" description  jsdoc/require-param-description

/home/rubenlinde/fleet-work/fx/stackiq/src/modals/object/MergeObject.vue
   708:1  warning  Missing JSDoc @param "obj" description             jsdoc/require-param-description
   793:1  warning  Missing JSDoc @param "property" description        jsdoc/require-param-description
   831:1  warning  Missing JSDoc @param "property" description        jsdoc/require-param-description
   832:1  warning  Missing JSDoc @param "selectedOption" description  jsdoc/require-param-description
   861:1  warning  Missing JSDoc @param "value" description           jsdoc/require-param-description
   862:1  warning  Missing JSDoc @param "maxLength" description       jsdoc/require-param-description
   886:1  warning  Missing JSDoc @param "text" description            jsdoc/require-param-description
   887:1  warning  Missing JSDoc @param "maxLength" description       jsdoc/require-param-description
   995:1  warning  Missing JSDoc @param "bytes" description           jsdoc/require-param-description
  1008:1  warning  Missing JSDoc @param "filename" description        jsdoc/require-param-description

/home/rubenlinde/fleet-work/fx/stackiq/src/modals/object/MigrationObject.vue
  592:1  warning  Missing JSDoc @param "objectId" description        jsdoc/require-param-description
  657:1  warning  Missing JSDoc @param "schema" description          jsdoc/require-param-description
  762:1  warning  Missing JSDoc @param "sourceProperty" description  jsdoc/require-param-description

/home/rubenlinde/fleet-work/fx/stackiq/src/modals/object/ObjectModal.vue
  513:1  warning  Missing JSDoc @param "newValue" description  jsdoc/require-param-description
  527:1  warning  Missing JSDoc @param "newValue" description  jsdoc/require-param-description
  545:1  warning  Missing JSDoc @param "newValue" description  jsdoc/require-param-description
  557:1  warning  Missing JSDoc @param "newValue" description  jsdoc/require-param-description
  841:1  warning  Missing JSDoc @param "str" description       jsdoc/require-param-description
  894:1  warning  Missing JSDoc @param "key" description       jsdoc/require-param-description
  895:1  warning  Missing JSDoc @param "value" description     jsdoc/require-param-description

/home/rubenlinde/fleet-work/fx/stackiq/src/modals/object/UploadObject.vue
  300:1  warning  Missing JSDoc @param "json" description  jsdoc/require-param-description

/home/rubenlinde/fleet-work/fx/stackiq/src/modals/object/ViewObject.vue
  2532:1  warning  Missing JSDoc @param "selectedThemes" description  jsdoc/require-param-description
  2548:1  warning  Missing JSDoc @param "newValue" description        jsdoc/require-param-description
  2562:1  warning  Missing JSDoc @param "newValue" description        jsdoc/require-param-description
  2576:1  warning  Missing JSDoc @param "obj" description             jsdoc/require-param-description
  2591:1  warning  Missing JSDoc @param "newCatalog" description      jsdoc/require-param-description
  2608:1  warning  Missing JSDoc @param "newRegister" description     jsdoc/require-param-description
  2624:1  warning  Missing JSDoc @param "newSchema" description       jsdoc/require-param-description
  2762:1  warning  Missing JSDoc @param "isOpen" description          jsdoc/require-param-description
  2967:1  warning  Missing JSDoc @param "str" description             jsdoc/require-param-description
  2997:1  warning  Missing JSDoc @param "value" description           jsdoc/require-param-description
  3022:1  warning  Missing JSDoc @param "key" description             jsdoc/require-param-description
  3036:1  warning  Missing JSDoc @param "key" description             jsdoc/require-param-description
  3046:1  warning  Missing JSDoc @param "key" description             jsdoc/require-param-description
  3047:1  warning  Missing JSDoc @param "value" description           jsdoc/require-param-description
  3089:1  warning  Missing JSDoc @param "val" description             jsdoc/require-param-description
  3098:1  warning  Missing JSDoc @param "text" description            jsdoc/require-param-description
  3115:1  warning  Missing JSDoc @param "key" description             jsdoc/require-param-description
  3116:1  warning  Missing JSDoc @param "value" description           jsdoc/require-param-description
  3155:1  warning  Missing JSDoc @param "key" description             jsdoc/require-param-description
  3156:1  warning  Missing JSDoc @param "value" description           jsdoc/require-param-description
  3206:1  warning  Missing JSDoc @param "key" description             jsdoc/require-param-description
  3207:1  warning  Missing JSDoc @param "value" description           jsdoc/require-param-description
  3236:1  warning  Missing JSDoc @param "key" description             jsdoc/require-param-description
  3237:1  warning  Missing JSDoc @param "value" description           jsdoc/require-param-description
  3261:1  warning  Missing JSDoc @param "key" description             jsdoc/require-param-description
  3262:1  warning  Missing JSDoc @param "event" description           jsdoc/require-param-description
  3293:1  warning  Missing JSDoc @param "key" description             jsdoc/require-param-description
  3316:1  warning  Missing JSDoc @param "key" description             jsdoc/require-param-description
  3317:1  warning  Missing JSDoc @param "newValue" description        jsdoc/require-param-description
  3345:1  warning  Missing JSDoc @param "message" description         jsdoc/require-param-description
  3355:1  warning  Missing JSDoc @param "key" description             jsdoc/require-param-description
  3356:1  warning  Missing JSDoc @param "newValue" description        jsdoc/require-param-description
  3412:1  warning  Missing JSDoc @param "key" description             jsdoc/require-param-description
  3413:1  warning  Missing JSDoc @param "value" description           jsdoc/require-param-description
  3494:1  warning  Missing JSDoc @param "key" description             jsdoc/require-param-description
  3526:1  warning  Missing JSDoc @param "key" description             jsdoc/require-param-description
  3568:1  warning  Missing JSDoc @param "key" description             jsdoc/require-param-description
  3596:1  warning  Missing JSDoc @param "key" description             jsdoc/require-param-description
  3617:1  warning  Missing JSDoc @param "key" description             jsdoc/require-param-description
  3627:1  warning  Missing JSDoc @param "key" description             jsdoc/require-param-description
  3637:1  warning  Missing JSDoc @param "key" description             jsdoc/require-param-description
  3653:1  warning  Missing JSDoc @param "key" description             jsdoc/require-param-description
  3767:1  warning  Missing JSDoc @param "editor" description          jsdoc/require-param-description
  3800:1  warning  Missing JSDoc @param "key" description             jsdoc/require-param-description
  3801:1  warning  Missing JSDoc @param "editorInstance" description  jsdoc/require-param-description
  3836:1  warning  Missing JSDoc @param "key" description             jsdoc/require-param-description
  3837:1  warning  Missing JSDoc @param "value" description           jsdoc/require-param-description
  3921:1  warning  Missing JSDoc @param "key" description             jsdoc/require-param-description
  3922:1  warning  Missing JSDoc @param "value" description           jsdoc/require-param-description
  3965:1  warning  Missing JSDoc @param "key" description             jsdoc/require-param-description
  3966:1  warning  Missing JSDoc @param "value" description           jsdoc/require-param-description
  4026:1  warning  Missing JSDoc @param "key" description             jsdoc/require-param-description
  4301:1  warning  Missing JSDoc @param "checked" description         jsdoc/require-param-description
  4322:1  warning  Missing JSDoc @param "fileId" description          jsdoc/require-param-description
  4323:1  warning  Missing JSDoc @param "checked" description         jsdoc/require-param-description
  4339:1  warning  Missing JSDoc @param "page" description            jsdoc/require-param-description
  4366:1  warning  Missing JSDoc @param "pageSize" description        jsdoc/require-param-description
  4567:1  warning  Missing JSDoc @param "file" description            jsdoc/require-param-description
  4610:1  warning  Missing JSDoc @param "file" description            jsdoc/require-param-description
  4655:1  warning  Missing JSDoc @param "file" description            jsdoc/require-param-description
  4698:1  warning  Missing JSDoc @param "file" description            jsdoc/require-param-description
  4739:1  warning  Missing JSDoc @param "file" description            jsdoc/require-param-description
  4740:1  warning  Missing JSDoc @param "editedTags" description      jsdoc/require-param-description
  4801:1  warning  Missing JSDoc @param "publication" description     jsdoc/require-param-description
  4828:1  warning  Missing JSDoc @param "object" description          jsdoc/require-param-description
  4840:1  warning  Missing JSDoc @param "object" description          jsdoc/require-param-description
  4945:1  warning  Missing JSDoc @param "apiResult" description       jsdoc/require-param-description
  5116:1  warning  Missing JSDoc @param "key" description             jsdoc/require-param-description
  5117:1  warning  Missing JSDoc @param "value" description           jsdoc/require-param-description
  5182:1  warning  Missing JSDoc @param "key" description             jsdoc/require-param-description
  5197:1  warning  Missing JSDoc @param "key" description             jsdoc/require-param-description
  5253:1  warning  Missing JSDoc @param "key" description             jsdoc/require-param-description
  5254:1  warning  Missing JSDoc @param "value" description           jsdoc/require-param-description
  5255:1  warning  Missing JSDoc @param "schemaProperty" description  jsdoc/require-param-description

/home/rubenlinde/fleet-work/fx/stackiq/src/sidebars/directory/DirectorySideBar.vue
  215:1  warning  Missing JSDoc @param "newValue" description     jsdoc/require-param-description
  216:1  warning  Missing JSDoc @param "oldValue" description     jsdoc/require-param-description
  234:1  warning  Missing JSDoc @param "newValue" description     jsdoc/require-param-description
  235:1  warning  Missing JSDoc @param "oldValue" description     jsdoc/require-param-description
  260:1  warning  Missing JSDoc @param "url" description          jsdoc/require-param-description
  261:1  warning  Missing JSDoc @param "type" description         jsdoc/require-param-description
  269:1  warning  Missing JSDoc @param "metadataUrl" description  jsdoc/require-param-description
  300:1  warning  Missing JSDoc @param "metadataUrl" description  jsdoc/require-param-description
  326:1  warning  Missing JSDoc @param "data" description         jsdoc/require-param-description
  357:1  warning  Missing JSDoc @param "metadataUrl" description  jsdoc/require-param-description

/home/rubenlinde/fleet-work/fx/stackiq/src/store/modules/facets.js
  125:1  warning  Prefer a more specific type to `Function`  jsdoc/reject-function-type
  143:1  warning  Prefer a more specific type to `Function`  jsdoc/reject-function-type
  164:1  warning  Prefer a more specific type to `Function`  jsdoc/reject-function-type

/home/rubenlinde/fleet-work/fx/stackiq/src/store/modules/navigation.js
  21:1  warning  Missing JSDoc @param "selected" description             jsdoc/require-param-description
  21:1  warning  Missing JSDoc @param "selected" type                    jsdoc/require-param-type
  29:1  warning  Missing JSDoc @param "selectedOrganisatie" description  jsdoc/require-param-description
  29:1  warning  Missing JSDoc @param "selectedOrganisatie" type         jsdoc/require-param-type
  37:1  warning  Missing JSDoc @param "modal" description                jsdoc/require-param-description
  37:1  warning  Missing JSDoc @param "modal" type                       jsdoc/require-param-type
  45:1  warning  Missing JSDoc @param "dialog" description               jsdoc/require-param-description
  45:1  warning  Missing JSDoc @param "dialog" type                      jsdoc/require-param-type
  46:1  warning  Missing JSDoc @param "properties" description           jsdoc/require-param-description
  46:1  warning  Missing JSDoc @param "properties" type                  jsdoc/require-param-type

/home/rubenlinde/fleet-work/fx/stackiq/src/store/plugins/stackiqPlugin.js
  1143:1  warning  Prefer a more specific type to `Function`         jsdoc/reject-function-type
  1144:1  warning  Prefer a more specific type to `Function`         jsdoc/reject-function-type
  1190:1  warning  Missing JSDoc @param "objects" description        jsdoc/require-param-description
  1190:1  warning  Missing JSDoc @param "objects" type               jsdoc/require-param-type
  1191:1  warning  Missing JSDoc @param "onProgress" description     jsdoc/require-param-description
  1191:1  warning  Missing JSDoc @param "onProgress" type            jsdoc/require-param-type
  1203:1  warning  Missing JSDoc @param "objects" description        jsdoc/require-param-description
  1203:1  warning  Missing JSDoc @param "objects" type               jsdoc/require-param-type
  1204:1  warning  Missing JSDoc @param "onProgress" description     jsdoc/require-param-description
  1204:1  warning  Missing JSDoc @param "onProgress" type            jsdoc/require-param-type
  1216:1  warning  Missing JSDoc @param "objects" description        jsdoc/require-param-description
  1216:1  warning  Missing JSDoc @param "objects" type               jsdoc/require-param-type
  1217:1  warning  Missing JSDoc @param "onProgress" description     jsdoc/require-param-description
  1217:1  warning  Missing JSDoc @param "onProgress" type            jsdoc/require-param-type
  1229:1  warning  Missing JSDoc @param "objects" description        jsdoc/require-param-description
  1229:1  warning  Missing JSDoc @param "objects" type               jsdoc/require-param-type
  1230:1  warning  Missing JSDoc @param "process" description        jsdoc/require-param-description
  1230:1  warning  Missing JSDoc @param "process" type               jsdoc/require-param-type
  1231:1  warning  Missing JSDoc @param "duration" description       jsdoc/require-param-description
  1231:1  warning  Missing JSDoc @param "duration" type              jsdoc/require-param-type
  1232:1  warning  Missing JSDoc @param "onProgress" description     jsdoc/require-param-description
  1232:1  warning  Missing JSDoc @param "onProgress" type            jsdoc/require-param-type
  1249:1  warning  Missing JSDoc @param "objects" description        jsdoc/require-param-description
  1249:1  warning  Missing JSDoc @param "objects" type               jsdoc/require-param-type
  1250:1  warning  Missing JSDoc @param "onProgress" description     jsdoc/require-param-description
  1250:1  warning  Missing JSDoc @param "onProgress" type            jsdoc/require-param-type
  1262:1  warning  Missing JSDoc @param "objects" description        jsdoc/require-param-description
  1262:1  warning  Missing JSDoc @param "objects" type               jsdoc/require-param-type
  1263:1  warning  Missing JSDoc @param "onProgress" description     jsdoc/require-param-description
  1263:1  warning  Missing JSDoc @param "onProgress" type            jsdoc/require-param-type
  1310:1  warning  Missing JSDoc @param "objectId" description       jsdoc/require-param-description
  1310:1  warning  Missing JSDoc @param "objectId" type              jsdoc/require-param-type
  1334:1  warning  Missing JSDoc @param "id" description             jsdoc/require-param-description
  1334:1  warning  Missing JSDoc @param "id" type                    jsdoc/require-param-type
  1335:1  warning  Missing JSDoc @param "enabled" description        jsdoc/require-param-description
  1335:1  warning  Missing JSDoc @param "enabled" type               jsdoc/require-param-type
  1355:1  warning  Missing JSDoc @param "schema" description         jsdoc/require-param-description
  1355:1  warning  Missing JSDoc @param "schema" type                jsdoc/require-param-type
  1470:1  warning  Missing JSDoc @param "type" description           jsdoc/require-param-description
  1470:1  warning  Missing JSDoc @param "type" type                  jsdoc/require-param-type
  1471:1  warning  Missing JSDoc @param "root0" description          jsdoc/require-param-description
  1471:1  warning  Missing JSDoc @param "root0" type                 jsdoc/require-param-type
  1472:1  warning  Missing JSDoc @param "root0.success" description  jsdoc/require-param-description
  1472:1  warning  Missing JSDoc @param "root0.success" type         jsdoc/require-param-type
  1473:1  warning  Missing JSDoc @param "root0.error" description    jsdoc/require-param-description
  1473:1  warning  Missing JSDoc @param "root0.error" type           jsdoc/require-param-type

/home/rubenlinde/fleet-work/fx/stackiq/src/utils/adminApi.js
  44:1  warning  Prefer a more specific type to `Function`  jsdoc/reject-function-type

/home/rubenlinde/fleet-work/fx/stackiq/src/utils/complianceMatrix.js
  80:1  warning  Prefer a more specific type to `*`  jsdoc/reject-any-type

/home/rubenlinde/fleet-work/fx/stackiq/src/utils/contractCost.js
  54:1  warning  Prefer a more specific type to `*`  jsdoc/reject-any-type

/home/rubenlinde/fleet-work/fx/stackiq/src/utils/heartbeat.js
  158:1  warning  Prefer a more specific type to `Function`  jsdoc/reject-function-type

/home/rubenlinde/fleet-work/fx/stackiq/src/utils/licensePosture.js
  61:1  warning  Prefer a more specific type to `*`  jsdoc/reject-any-type

/home/rubenlinde/fleet-work/fx/stackiq/src/utils/lifecyclePhase.js
   75:1  warning  Prefer a more specific type to `*`  jsdoc/reject-any-type
  115:1  warning  Prefer a more specific type to `*`  jsdoc/reject-any-type

/home/rubenlinde/fleet-work/fx/stackiq/src/utils/suiteWizard.js
  40:1  warning  Prefer a more specific type to `Function`  jsdoc/reject-function-type

/home/rubenlinde/fleet-work/fx/stackiq/src/utils/translationBadge.js
  105:1  warning  Prefer a more specific type to `Function`  jsdoc/reject-function-type

/home/rubenlinde/fleet-work/fx/stackiq/src/utils/vulnerabilitySeverity.js
  62:1  warning  Prefer a more specific type to `*`  jsdoc/reject-any-type

/home/rubenlinde/fleet-work/fx/stackiq/src/views/settings/StackiqSettings.vue
  227:1  warning  Missing JSDoc @param "newValue" description  jsdoc/require-param-description
  241:1  warning  Missing JSDoc @param "newValue" description  jsdoc/require-param-description
  242:1  warning  Missing JSDoc @param "oldValue" description  jsdoc/require-param-description

/home/rubenlinde/fleet-work/fx/stackiq/src/views/settings/sections/EmailConfiguration.vue
  693:1  warning  Missing JSDoc @param "value" description  jsdoc/require-param-description

/home/rubenlinde/fleet-work/fx/stackiq/src/views/settings/sections/OpenRegisterIntegration.vue
  452:1  warning  Missing JSDoc @param "value" description  jsdoc/require-param-description
  469:1  warning  Missing JSDoc @param "value" description  jsdoc/require-param-description

/home/rubenlinde/fleet-work/fx/stackiq/src/views/settings/sections/OrganizationSynchronization.vue
  709:1  warning  Missing JSDoc @param "newValue" description  jsdoc/require-param-description
  723:1  warning  Missing JSDoc @param "newValue" description  jsdoc/require-param-description
  724:1  warning  Missing JSDoc @param "oldValue" description  jsdoc/require-param-description

/home/rubenlinde/fleet-work/fx/stackiq/src/views/settings/sections/UserGroupsConfiguration.vue
  472:1  warning  Missing JSDoc @param "value" description  jsdoc/require-param-description
  489:1  warning  Missing JSDoc @param "value" description  jsdoc/require-param-description
  506:1  warning  Missing JSDoc @param "value" description  jsdoc/require-param-description

/home/rubenlinde/fleet-work/fx/stackiq/src/views/widgets/ConceptOrganisatiesWidget.vue
  79:3  warning  'title' of property found, but never used  vue/no-unused-properties

✖ 217 problems (0 errors, 217 warnings)

