
> stackiq@1.0.0 stylelint
> stylelint "{src,css}/**/*.{vue,scss,css}"


src/components/AlwaysVisibleSection.vue
  285:2  ⚠  Unexpected "margin-left" property. Use "margin-inline-start".  csstools/use-logical
  289:2  ⚠  Unexpected "margin-left" property. Use "margin-inline-start".  csstools/use-logical
  300:2  ⚠  Unexpected "right" property. Use "inset-inline-end".           csstools/use-logical

src/components/CollapsibleSection.vue
  320:2  ⚠  Unexpected "margin-right" property. Use "margin-inline-end".  csstools/use-logical

src/components/ContactpersonenList.vue
  907:2  ⚠  Unexpected "left" value in "text-align" property. Use "start".  csstools/use-logical

src/components/SelectedObjectsList.vue
  238:2  ⚠  Unexpected "border-left" property. Use "border-inline-start".  csstools/use-logical
  257:2  ⚠  Unexpected "right" property. Use "inset-inline".               csstools/use-logical

src/components/StandardTabs.vue
  131:2  ⚠  Unexpected "left" property. Use "inset-inline".  csstools/use-logical

src/modals/BulkSyncDialog.vue
  374:2  ⚠  Unexpected "padding-left" property. Use "padding-inline-start".  csstools/use-logical
  451:2  ⚠  Unexpected "padding-left" property. Use "padding-inline-start".  csstools/use-logical
  484:2  ⚠  Unexpected "left" value in "text-align" property. Use "start".   csstools/use-logical

src/modals/CollapsibleSectionInfoModal.vue
  106:2  ⚠  Unexpected "padding-left" property. Use "padding-inline-start".  csstools/use-logical

src/views/ComplianceMatrixView.vue
  957:2  ⚠  Unexpected "left" value in "text-align" property. Use "start".  csstools/use-logical

src/views/Dashboard.vue
  629:2  ⚠  Unexpected "left" value in "text-align" property. Use "start".  csstools/use-logical
  639:2  ⚠  Unexpected "right" value in "text-align" property. Use "end".   csstools/use-logical
  657:2  ⚠  Unexpected "right" value in "text-align" property. Use "end".   csstools/use-logical
  661:2  ⚠  Unexpected "right" value in "text-align" property. Use "end".   csstools/use-logical

src/views/KwetsbaarhedenView.vue
  494:2  ⚠  Unexpected "left" value in "text-align" property. Use "start".  csstools/use-logical
  513:2  ⚠  Unexpected "right" value in "text-align" property. Use "end".   csstools/use-logical

src/views/LicensePostureView.vue
  554:2  ⚠  Unexpected "left" value in "text-align" property. Use "start".  csstools/use-logical

src/components/organisations/OrganisationSwitcher.vue
  234:2  ⚠  Unexpected "margin-left" property. Use "margin-inline-start".  csstools/use-logical

src/components/sbom/SbomComponentsPanel.vue
  717:2  ⚠  Unexpected "margin-right" property. Use "margin-inline-end".  csstools/use-logical

src/components/vulnerabilities/VulnerabilityExposurePanel.vue
  374:2  ⚠  Unexpected "left" value in "text-align" property. Use "start".  csstools/use-logical

src/dialogs/SuiteWizard/Step3Confirm.vue
  100:2  ⚠  Unexpected "padding-left" property. Use "padding-inline-start".  csstools/use-logical

src/modals/object/MergeObject.vue
  1156:2  ⚠  Unexpected "left" value in "text-align" property. Use "start".   csstools/use-logical
  1243:2  ⚠  Unexpected "left" value in "text-align" property. Use "start".   csstools/use-logical
  1268:2  ⚠  Unexpected "left" value in "text-align" property. Use "start".   csstools/use-logical
  1371:2  ⚠  Unexpected "padding-left" property. Use "padding-inline-start".  csstools/use-logical

src/modals/object/MergeOrganisationConfirmDialog.vue
  189:2  ⚠  Unexpected "left" value in "text-align" property. Use "start".  csstools/use-logical
  196:2  ⚠  Unexpected "left" value in "text-align" property. Use "start".  csstools/use-logical
  202:2  ⚠  Unexpected "right" value in "text-align" property. Use "end".   csstools/use-logical

src/modals/object/MigrationObject.vue
  1054:2  ⚠  Unexpected "padding-left" property. Use "padding-inline-start".  csstools/use-logical

src/modals/object/ObjectModal.vue
   948:2  ⚠  Unexpected "border-left" property. Use "border-inline-start".              csstools/use-logical
   978:2  ⚠  Unexpected "border-left-color" property. Use "border-inline-start-color".  csstools/use-logical
  1014:2  ⚠  Unexpected "right" property. Use "inset-inline-end".                       csstools/use-logical
  1027:2  ⚠  Unexpected "right" property. Use "inset-inline-end".                       csstools/use-logical

src/modals/object/ViewObject.vue
  5315:2  ⚠  Unexpected "right" value in "text-align" property. Use "end".    csstools/use-logical
  5317:2  ⚠  Unexpected "padding-right" property. Use "padding-inline-end".   csstools/use-logical
  5322:2  ⚠  Unexpected "right" value in "float" property. Use "inline-end".  csstools/use-logical
  5342:2  ⚠  Unexpected "border-left" property. Use "border-inline-start".    csstools/use-logical
  5347:2  ⚠  Unexpected "border-left" property. Use "border-inline-start".    csstools/use-logical
  5352:2  ⚠  Unexpected "border-left" property. Use "border-inline-start".    csstools/use-logical
  5357:2  ⚠  Unexpected "border-left" property. Use "border-inline-start".    csstools/use-logical
  5362:2  ⚠  Unexpected "border-left" property. Use "border-inline-start".    csstools/use-logical
  5366:2  ⚠  Unexpected "border-left" property. Use "border-inline-start".    csstools/use-logical
  5373:2  ⚠  Unexpected "left" value in "text-align" property. Use "start".   csstools/use-logical
  5380:2  ⚠  Unexpected "left" value in "text-align" property. Use "start".   csstools/use-logical
  5387:2  ⚠  Unexpected "left" value in "text-align" property. Use "start".   csstools/use-logical
  5396:2  ⚠  Unexpected "margin-left" property. Use "margin-inline-start".    csstools/use-logical
  5438:2  ⚠  Unexpected "left" value in "text-align" property. Use "start".   csstools/use-logical
  5448:2  ⚠  Unexpected "left" value in "text-align" property. Use "start".   csstools/use-logical
  5453:2  ⚠  Unexpected "left" value in "text-align" property. Use "start".   csstools/use-logical
  5551:2  ⚠  Unexpected "left" property. Use "inset-inline".                  csstools/use-logical
  5784:2  ⚠  Unexpected "margin-right" property. Use "margin-inline-end".     csstools/use-logical
  5836:2  ⚠  Unexpected "margin-right" property. Use "margin-inline-end".     csstools/use-logical
  5855:2  ⚠  Unexpected "margin-left" property. Use "margin-inline-start".    csstools/use-logical

src/views/organisaties/PortfolioReport.vue
  665:2  ⚠  Unexpected "left" value in "text-align" property. Use "start".  csstools/use-logical

src/views/settings/StackiqSettings.vue
  415:2  ⚠  Unexpected "margin-left" property. Use "margin-inline-start".  csstools/use-logical

src/views/settings/sections/ArchiMateImportExport.vue
  1462:2  ⚠  Unexpected "right" value in "text-align" property. Use "end".    csstools/use-logical
  1509:2  ⚠  Unexpected "border-left" property. Use "border-inline-start".    csstools/use-logical
  1521:2  ⚠  Unexpected "margin-right" property. Use "margin-inline-end".     csstools/use-logical
  1667:2  ⚠  Unexpected "border-left" property. Use "border-inline-start".    csstools/use-logical
  1682:2  ⚠  Unexpected "padding-left" property. Use "padding-inline-start".  csstools/use-logical
  1707:2  ⚠  Unexpected "border-left" property. Use "border-inline-start".    csstools/use-logical
  1713:2  ⚠  Unexpected "left" property. Use "inset-inline-start".            csstools/use-logical
  1752:2  ⚠  Unexpected "padding-left" property. Use "padding-inline-start".  csstools/use-logical
  1784:3  ⚠  Unexpected "margin-right" property. Use "margin-inline-end".     csstools/use-logical
  1798:3  ⚠  Unexpected "left" value in "text-align" property. Use "start".   csstools/use-logical
  1861:2  ⚠  Unexpected "left" property. Use "inset-inline-start".            csstools/use-logical
  1970:2  ⚠  Unexpected "border-left" property. Use "border-inline-start".    csstools/use-logical
  2161:2  ⚠  Unexpected "margin-right" property. Use "margin-inline-end".     csstools/use-logical

src/views/settings/sections/OrganizationSynchronization.vue
  1138:2  ⚠  Unexpected "right" value in "text-align" property. Use "end".    csstools/use-logical
  1204:2  ⚠  Unexpected "padding-left" property. Use "padding-inline-start".  csstools/use-logical
  1246:2  ⚠  Unexpected "padding-left" property. Use "padding-inline-start".  csstools/use-logical
  1307:2  ⚠  Unexpected "margin-right" property. Use "margin-inline-end".     csstools/use-logical
  1350:2  ⚠  Unexpected "padding-left" property. Use "padding-inline-start".  csstools/use-logical

src/views/settings/sections/StatisticsOverview.vue
  292:2  ⚠  Unexpected "margin-left" property. Use "margin-inline-start".    csstools/use-logical
  321:2  ⚠  Unexpected "left" value in "text-align" property. Use "start".   csstools/use-logical
  346:2  ⚠  Unexpected "left" value in "text-align" property. Use "start".   csstools/use-logical
  375:2  ⚠  Unexpected "right" value in "text-align" property. Use "end".    csstools/use-logical
  477:2  ⚠  Unexpected "padding-left" property. Use "padding-inline-start".  csstools/use-logical
  554:2  ⚠  Unexpected "padding-left" property. Use "padding-inline-start".  csstools/use-logical

src/views/settings/sections/UserGroupsConfiguration.vue
  770:2  ⚠  Unexpected "padding-left" property. Use "padding-inline-start".  csstools/use-logical

src/views/settings/sections/VersionInformation.vue
  595:2  ⚠  Unexpected "padding-left" property. Use "padding-inline-start".  csstools/use-logical
  616:2  ⚠  Unexpected "padding-left" property. Use "padding-inline-start".  csstools/use-logical

css/main.css
  166:2  ⚠  Unexpected "margin-left" property. Use "margin-inline-start".  csstools/use-logical

⚠ 86 problems (0 errors, 86 warnings)

