
> stackiq@1.0.0 test:unit
> vitest run


 RUN  v3.2.7 /home/rubenlinde/fleet-work/fx/stackiq

stdout | tests/vitest/heartbeat.spec.js > Heartbeat singleton > starts and reports running=true
Starting heartbeat with interval: 30000ms
Heartbeat stopped
Heartbeat sent successfully

stdout | tests/vitest/heartbeat.spec.js > Heartbeat singleton > fires an immediate heartbeat on start
Starting heartbeat with interval: 30000ms
Heartbeat stopped
Heartbeat sent successfully

 ✓ tests/vitest/portfolioReport.spec.js (15 tests) 25ms
stdout | tests/vitest/heartbeat.spec.js > Heartbeat singleton > fires repeated heartbeats on each interval tick
Starting heartbeat with interval: 1000ms
Heartbeat stopped
Heartbeat sent successfully
Heartbeat sent successfully
Heartbeat sent successfully
Heartbeat sent successfully
Heartbeat sent successfully

stdout | tests/vitest/heartbeat.spec.js > Heartbeat singleton > stop() halts further heartbeats
Starting heartbeat with interval: 500ms
Heartbeat stopped
Heartbeat sent successfully
Heartbeat sent successfully

stdout | tests/vitest/heartbeat.spec.js > Heartbeat singleton > start() is idempotent — calling twice does not double-schedule
Starting heartbeat with interval: 1000ms
Heartbeat stopped
Heartbeat sent successfully
Heartbeat sent successfully

stdout | tests/vitest/heartbeat.spec.js > Heartbeat singleton > swallows fetch network errors so the timer never dies
Starting heartbeat with interval: 1000ms

stderr | tests/vitest/heartbeat.spec.js > Heartbeat singleton > swallows fetch network errors so the timer never dies
Heartbeat request error: boom

stdout | tests/vitest/heartbeat.spec.js > Heartbeat singleton > swallows fetch network errors so the timer never dies
Heartbeat stopped

stderr | tests/vitest/heartbeat.spec.js > Heartbeat singleton > swallows fetch network errors so the timer never dies
Heartbeat request error: boom

stdout | tests/vitest/heartbeat.spec.js > Heartbeat singleton > tolerates non-2xx responses without throwing
Starting heartbeat with interval: 1000ms

stderr | tests/vitest/heartbeat.spec.js > Heartbeat singleton > tolerates non-2xx responses without throwing
Heartbeat request failed: [33m504[39m Gateway Timeout

stdout | tests/vitest/heartbeat.spec.js > Heartbeat singleton > tolerates non-2xx responses without throwing
Heartbeat stopped

stderr | tests/vitest/heartbeat.spec.js > Heartbeat singleton > tolerates non-2xx responses without throwing
Heartbeat request failed: [33m504[39m Gateway Timeout

stdout | tests/vitest/heartbeat.spec.js > Heartbeat singleton > startHeartbeat(interval) overrides the default 30s
Starting heartbeat with interval: 250ms
Heartbeat stopped
Heartbeat sent successfully
Heartbeat sent successfully
Heartbeat sent successfully

 ✓ tests/vitest/manifestWidgetIcons.spec.js (5 tests) 13ms
stdout | tests/vitest/heartbeat.spec.js > withHeartbeat() > runs the operation, returns its result, and stops the heartbeat
Starting heartbeat with interval: 1000ms

stdout | tests/vitest/heartbeat.spec.js > withHeartbeat() > runs the operation, returns its result, and stops the heartbeat
Heartbeat sent successfully
Heartbeat stopped

stdout | tests/vitest/heartbeat.spec.js > withHeartbeat() > stops the heartbeat even if the operation rejects
Starting heartbeat with interval: 1000ms

stdout | tests/vitest/heartbeat.spec.js > withHeartbeat() > stops the heartbeat even if the operation rejects
Heartbeat sent successfully
Heartbeat stopped

 ✓ tests/vitest/navigationStore.spec.js (7 tests) 20ms
 ✓ tests/vitest/contractCost.spec.js (10 tests) 10ms
stdout | tests/vitest/heartbeat.spec.js > withHeartbeat() > uses the default 30s interval when none is provided
Starting heartbeat with interval: 30000ms

stdout | tests/vitest/heartbeat.spec.js > withHeartbeat() > uses the default 30s interval when none is provided
Heartbeat sent successfully
Heartbeat stopped

 ✓ tests/vitest/heartbeat.spec.js (14 tests) 372ms
 ✓ tests/vitest/complianceMatrix.spec.js (20 tests) 16ms
 ✓ tests/vitest/sbomVulnerabilityMatch.spec.js (19 tests) 27ms
 ✓ tests/vitest/orClient.spec.js (28 tests) 17ms
 ✓ tests/vitest/vulnerabilityExposure.spec.js (11 tests) 12ms
 ✓ tests/vitest/sbomProvenanceLabel.spec.js (4 tests) 27ms
 ✓ tests/vitest/reviewForm.spec.js (5 tests) 17ms
 ✓ tests/vitest/licensePosture.spec.js (8 tests) 15ms
 ✓ tests/vitest/openDataProjection.spec.js (8 tests) 30ms
 ✓ tests/vitest/lifecyclePhase.spec.js (16 tests) 39ms
 ✓ tests/vitest/moderationItem.spec.js (5 tests) 13ms
 ✓ tests/vitest/translationBadge.spec.js (15 tests) 11ms
 ✓ tests/vitest/vulnerabilitySeverity.spec.js (13 tests) 16ms
 ✓ tests/vitest/manifestFilterEnumParity.spec.js (3 tests) 8ms
 ✓ tests/vitest/facetSchema.spec.js (5 tests) 24ms
 ✓ tests/vitest/reviewAggregate.spec.js (4 tests) 37ms
 ✓ tests/vitest/adminApi.spec.js (8 tests) 19ms
 ✓ tests/vitest/suiteWizard.spec.js (4 tests) 7ms
 ✓ tests/vitest/settingsInfoPanels.spec.js (7 tests) 90ms
 ✓ tests/vitest/sectionInfoSlot.spec.js (7 tests) 196ms

 Test Files  24 passed (24)
      Tests  241 passed (241)
   Start at  13:33:15
   Duration  3.03s (transform 2.36s, setup 0ms, collect 7.08s, tests 1.06s, environment 4.62s, prepare 4.41s)

